v22.23.3
10.9.9

> primordial-sea-wiki@0.1.0 build:site
> next build

▲ Next.js 16.3.2 (Turbopack)
✓ Running next.config.mjs took 11ms

  Creating an optimized production build ...
✓ Compiled successfully in 5.7s
  Running TypeScript ...
  Finished TypeScript in 2.3s ...
  Collecting page data using 10 workers ...
  Generating static pages using 10 workers (0/18) ...
  Generating static pages using 10 workers (4/18) 
  Generating static pages using 10 workers (8/18) 
  Generating static pages using 10 workers (13/18) 
✓ Generating static pages using 10 workers (18/18) in 491ms
  Finalizing page optimization ...

Route (app)
┌ ○ /
├ ○ /_not-found
├   /[slug]
│ ├ ● /play
│ ├ ● /beginner-guide
│ ├ ● /evolution-chain
│ └ ● [+7 more paths]
├ ○ /calculator
├ ○ /guides
├ ○ /merge-planner
├ ○ /robots.txt
└ ○ /sitemap.xml


○  (Static)  prerendered as static content
●  (SSG)     prerendered as static HTML (uses generateStaticParams)

